// Jest Snapshot v1, https://goo.gl/fbAQLP

exports[`Generate a set of step values snapshot with just a min 1`] = `
Object {
  "clamp": "1.066875rem",
  "sizes": Array [
    Object {
      "fontSize": 17.07,
      "typeScale": 1.067,
      "width": 320,
    },
  ],
}
`;
